[0m[38;5;4mTests:[0m
[0m[0m
[0m[0m
[0m[0m
[0m[0m
[0m  [0m[0mPassed:      [0m[0m[38;5;2m0[0m
[0m  [0m[0mFailed:      [0m[0m[38;5;2m0[0m
[0m  [0m[0mTook[0m[0m[38;5;3m         0.00 seconds[0m
[0m[0m